// Jest Snapshot v1, https://goo.gl/fbAQLP

exports[`Storyshots Components/Footer Footer 1`] = `
<div
  className="footer"
>
  <div
    className="row"
    style={
      Object {
        "fontSize": ".8rem",
        "padding": ".25rem",
        "paddingTop": "1rem",
      }
    }
  >
    <div
      className="mx-auto text-center col-md-10"
    >
      Copyright Â© 2020 ~ NERACOOS
    </div>
  </div>
  <div
    className="row"
    style={
      Object {
        "fontSize": ".8rem",
        "padding": ".25rem",
      }
    }
  >
    <div
      className="mx-auto text-center col-md-10"
    >
      Use
       
      <a
        href="https://docs.google.com/forms/d/e/1FAIpQLSdzP90655d-ZuDGpdgcMmTvxW1sgR_Hg4KI1KCfQDFU8MMF0g/viewform?usp=sf_link"
      >
        this form
      </a>
       
      to send us feedback or bug reports
    </div>
  </div>
  <div
    className="row"
    style={
      Object {
        "fontSize": ".8rem",
        "padding": ".25rem",
      }
    }
  >
    <div
      className="mx-auto text-center col-md-10"
    >
      Product of 
      <a
        href="http://www.neracoos.org/"
      >
        NERACOOS.org
      </a>
       - Developed and maintained by the
       
      <a
        href="https://gmri.org/commitments/science/ocean-data-products/"
      >
        Gulf of Maine Research Institute
      </a>
    </div>
  </div>
</div>
`;

exports[`Storyshots Components/NavBar Nav Bar 1`] = `
<div>
  <nav
    className="navbar navbar-expand-md navbar-dark"
  >
    <a
      className="navbar-brand"
      href="/"
      onClick={[Function]}
    >
      <img
        alt="NERACOOS"
        src="neracoos_logo.png"
      />
    </a>
    <button
      aria-label="Toggle navigation"
      className="navbar-toggler"
      onClick={[Function]}
      type="button"
    >
      <span
        className="navbar-toggler-icon"
      />
    </button>
    <div
      className="collapse navbar-collapse"
      style={Object {}}
    >
      <ul
        className="ml-auto navbar-nav"
      >
        <a
          aria-current="page"
          className="nav-link active"
          href="/"
          onClick={[Function]}
          style={Object {}}
        >
          Home
        </a>
        <li
          className="dropdown nav-item"
          onKeyDown={[Function]}
        >
          <a
            aria-expanded={false}
            aria-haspopup={true}
            className="dropdown-toggle nav-link"
            href="#"
            onClick={[Function]}
          >
            Regions
          </a>
          <div
            aria-hidden={true}
            className="dropdown-menu dropdown-menu-right"
            role="menu"
            tabIndex="-1"
          >
            <a
              aria-current={null}
              className="nav-link dropdown-item btn"
              href="/platform/?region=GOM"
              onClick={[Function]}
            >
              Gulf Of Maine
            </a>
            <a
              aria-current={null}
              className="nav-link dropdown-item btn"
              href="/platform/?region=LONG"
              onClick={[Function]}
            >
              Long Island Sound
            </a>
            <a
              aria-current={null}
              className="nav-link dropdown-item btn"
              href="/platform/?region=GREAT"
              onClick={[Function]}
            >
              Great Bay, NH
            </a>
            <a
              aria-current={null}
              className="nav-link dropdown-item btn"
              href="/platform/?region=BOSTON"
              onClick={[Function]}
            >
              Boston Harbor
            </a>
            <a
              aria-current={null}
              className="nav-link dropdown-item btn"
              href="/platform/?region=CAPE"
              onClick={[Function]}
            >
              Cape Cod / Buzzards Bay
            </a>
            <a
              aria-current={null}
              className="nav-link dropdown-item btn"
              href="/platform/?region=NARRAGANSETT"
              onClick={[Function]}
            >
              Narragansett Bay
            </a>
            <a
              aria-current={null}
              className="nav-link dropdown-item btn"
              href="/platform/?region=NEWFOUNDLAND"
              onClick={[Function]}
            >
              Newfoundland
            </a>
          </div>
        </li>
        <li
          className="nav-item"
        >
          <a
            aria-current={null}
            className="nav-link"
            href="/about"
            onClick={[Function]}
          >
            About
          </a>
        </li>
      </ul>
    </div>
  </nav>
</div>
`;

exports[`Storyshots ERDDAP/CurrentConditions/Data Card Configurable 1`] = `
<div
  className="col-sm-6 col-md-4"
  style={
    Object {
      "paddingTop": "1rem",
    }
  }
>
  <a
    href="/platform/M01/observations/max_wave_height"
    onClick={[Function]}
  >
    <div
      className="card"
    >
      <div
        className="card-header"
      >
        Maximum Wave Height
         - 
        8.2
         
        Feet
         
        
      </div>
      <div
        className="card-body"
        style={
          Object {
            "padding": ".2rem",
          }
        }
      >
        <div
          className="chart "
        />
      </div>
    </div>
  </a>
</div>
`;

exports[`Storyshots ERDDAP/Forecast/Configurable English 1`] = `
<div
  className="chart "
/>
`;

exports[`Storyshots ERDDAP/Forecast/Configurable Metric 1`] = `
<div
  className="chart "
/>
`;

exports[`Storyshots ERDDAP/Info/Panel Platform Info 1`] = `
<div
  className="card"
>
  <div
    className="card-body"
  >
    <div
      className="card-title"
    >
      Station 
      M01
    </div>
    <p
      className="card-text"
    >
      Jordan Basin
      <br />
      <b>
        Lat:
      </b>
       
      43.5
       
      <b>
        Lon:
      </b>
       
      -67.87
      <br />
      <a
        href="http://gyre.umeoce.maine.edu/gomoos.php"
      >
        University of Maine
      </a>
      <br />
    </p>
  </div>
</div>
`;

exports[`Storyshots ERDDAP/ObservedCondition/Configurable English 1`] = `
<div
  className="row"
>
  <div
    className="col"
  >
    <h4>
      Visibility
       
      
    </h4>
    <div
      className="chart "
    />
    <p>
      Data from the 
      visibility
       variable in the
       
      <a
        href="http://www.neracoos.org/erddap/tabledap/M01_met_all.html?time%2Cvisibility&visibility_qc=0"
      >
        M01_met_all
         dataset
      </a>
      .
    </p>
  </div>
</div>
`;

exports[`Storyshots ERDDAP/Superlatives Configureable 1`] = `
<div
  className="card"
  style={
    Object {
      "marginTop": "1rem",
    }
  }
>
  <div
    className="card-header"
  >
    <h5>
      Latest Conditions
    </h5>
  </div>
  <div
    className="card-body"
  >
    <div
      className="row"
    >
      <div
        className="col"
      >
        <a
          href="/platform/WLIS"
          onClick={[Function]}
        >
          <h6>
            Highest Winds
          </h6>
        </a>
        <div>
          22.8
           
          Knots
        </div>
        <a
          href="/platform/WLIS"
          onClick={[Function]}
        >
          <div>
            WLIS
             - 
            Western Long Island Sound
          </div>
        </a>
      </div>
      <div
        className="col"
      >
        <a
          href="/platform/44008"
          onClick={[Function]}
        >
          <h6>
            Biggest Waves
          </h6>
        </a>
        <div>
          8.3
           
          Feet
        </div>
        <a
          href="/platform/44008"
          onClick={[Function]}
        >
          <div>
            44008
             - 
            Nantucket 54NM Southeast of Nantucket
          </div>
        </a>
      </div>
    </div>
  </div>
</div>
`;

exports[`Storyshots ERDDAP/Superlatives Should Not Show Outdated Data 1`] = `null`;

exports[`Storyshots Units/UnitSelector/configurable English 1`] = `
<div
  className="unit-selector btn-group"
  role="group"
>
  <button
    aria-label={null}
    className="btn btn-light btn-sm"
    id="Metric"
    onClick={[Function]}
    type="button"
  >
    Metric
  </button>
  <button
    aria-label={null}
    className="btn btn-primary btn-sm active"
    id="English"
    onClick={[Function]}
    type="button"
  >
    English
  </button>
</div>
`;

exports[`Storyshots Units/UnitSelector/configurable Metric 1`] = `
<div
  className="unit-selector btn-group"
  role="group"
>
  <button
    aria-label={null}
    className="btn btn-primary btn-sm active"
    id="Metric"
    onClick={[Function]}
    type="button"
  >
    Metric
  </button>
  <button
    aria-label={null}
    className="btn btn-light btn-sm"
    id="English"
    onClick={[Function]}
    type="button"
  >
    English
  </button>
</div>
`;
